# App Name: Academic

from django.db import models
from Schools.models import School


class AcademicYear(models.Model):
    school = models.ForeignKey(School, on_delete=models.CASCADE)
    name = models.CharField(max_length=50)
    start_date = models.DateField()
    end_date = models.DateField()
    is_active = models.BooleanField(default=False)

    def __str__(self):
        return self.name


class Day(models.Model):
    DAY_TYPE_CHOICES = (
        ("WEEKDAY", "Weekday"),
        ("SATURDAY", "Saturday"),
    )

    school = models.ForeignKey(School, on_delete=models.CASCADE)
    name = models.CharField(max_length=20)
    short_name = models.CharField(max_length=10)
    sort_order = models.PositiveIntegerField(default=1)
    day_type = models.CharField(max_length=20, choices=DAY_TYPE_CHOICES, default="WEEKDAY")
    is_working = models.BooleanField(default=True)

    def __str__(self):
        return self.name


class BellSchedule(models.Model):
    school = models.ForeignKey(School, on_delete=models.CASCADE)
    academic_year = models.ForeignKey(AcademicYear, on_delete=models.CASCADE)
    name = models.CharField(max_length=100)
    is_active = models.BooleanField(default=True)

    def __str__(self):
        return self.name


class Period(models.Model):
    DAY_TYPE_CHOICES = (
        ("WEEKDAY", "Monday to Friday"),
        ("SATURDAY", "Saturday"),
    )

    PERIOD_TYPE_CHOICES = (
        ("TEACHING", "Teaching"),
        ("BREAK", "Break"),
        ("LUNCH", "Lunch"),
        ("ASSEMBLY", "Assembly"),
    )

    school = models.ForeignKey(School, on_delete=models.CASCADE)
    bell_schedule = models.ForeignKey(BellSchedule, on_delete=models.CASCADE, related_name="periods")

    day_type = models.CharField(max_length=20, choices=DAY_TYPE_CHOICES, default="WEEKDAY")
    name = models.CharField(max_length=100)
    period_number = models.PositiveIntegerField()
    start_time = models.TimeField()
    end_time = models.TimeField()

    period_type = models.CharField(max_length=20, choices=PERIOD_TYPE_CHOICES, default="TEACHING")
    is_teaching_period = models.BooleanField(default=True)

    def __str__(self):
        return f"{self.name} - {self.day_type}"


# App Name: Accounts

from django.db import models
from django.conf import settings
from Schools.models import School


class SchoolUser(models.Model):

    ROLE_CHOICES = (
        ("OWNER", "Owner"),
        ("ADMIN", "Admin"),
        ("TEACHER", "Teacher"),
        ("STAFF", "Staff"),
    )

    school = models.ForeignKey(
        School,
        on_delete=models.CASCADE,
        related_name="school_users"
    )

    user = models.OneToOneField(
        settings.AUTH_USER_MODEL,
        on_delete=models.CASCADE
    )

    role = models.CharField(
        max_length=20,
        choices=ROLE_CHOICES,
        default="ADMIN"
    )

    is_active = models.BooleanField(default=True)

    created_at = models.DateTimeField(auto_now_add=True)

    def __str__(self):
        return f"{self.user} - {self.school}"


# App Name: Classes

from django.db import models
from Schools.models import School


class ClassLevel(models.Model):

    SECTION_CHOICES = (
        ("Pre-Primary", "Pre-Primary"),
        ("PRIMARY", "Primary"),
        ("SECONDARY", "Secondary"),
        (" Senior-Secondary", " Senior-Secondary"),
    )

    school = models.ForeignKey(
        School,
        on_delete=models.CASCADE
    )

    name = models.CharField(max_length=50)

    short_name = models.CharField(
        max_length=20,
        blank=True
    )

    sort_order = models.PositiveIntegerField(default=1)

    section_type = models.CharField(
        max_length=20,
        choices=SECTION_CHOICES
    )

    is_active = models.BooleanField(default=True)

    def __str__(self):
        return self.name


class Division(models.Model):

    school = models.ForeignKey(
        School,
        on_delete=models.CASCADE
    )

    name = models.CharField(max_length=20)

    sort_order = models.PositiveIntegerField(default=1)

    is_active = models.BooleanField(default=True)

    def __str__(self):
        return self.name


# App Name: Notifications

from django.db import models
from django.conf import settings
from Schools.models import School


class Notification(models.Model):

    school = models.ForeignKey(
        School,
        on_delete=models.CASCADE
    )

    user = models.ForeignKey(
        settings.AUTH_USER_MODEL,
        on_delete=models.CASCADE,
        null=True,
        blank=True
    )

    title = models.CharField(max_length=255)

    message = models.TextField()

    is_read = models.BooleanField(default=False)

    created_at = models.DateTimeField(auto_now_add=True)

    def __str__(self):
        return self.title


# App Name: Reports

from django.db import models
from django.conf import settings

from Schools.models import School
from Timetables.models import Timetable


class ExportLog(models.Model):

    EXPORT_TYPE_CHOICES = (
        ("PDF", "PDF"),
        ("EXCEL", "Excel"),
    )

    school = models.ForeignKey(
        School,
        on_delete=models.CASCADE
    )

    timetable = models.ForeignKey(
        Timetable,
        on_delete=models.CASCADE
    )

    export_type = models.CharField(
        max_length=20,
        choices=EXPORT_TYPE_CHOICES
    )

    exported_by = models.ForeignKey(
        settings.AUTH_USER_MODEL,
        on_delete=models.SET_NULL,
        null=True
    )

    created_at = models.DateTimeField(auto_now_add=True)

    def __str__(self):
        return f"{self.timetable} - {self.export_type}"


# App Name: Rooms

from django.db import models
from Schools.models import School


class Room(models.Model):

    ROOM_TYPE_CHOICES = (
        ("CLASSROOM", "Classroom"),
        ("COMPUTER_LAB", "Computer Lab"),
        ("SCIENCE_LAB", "Science Lab"),
        ("LIBRARY", "Library"),
        ("PLAYGROUND", "Playground"),
        ("ACTIVITY_ROOM", "Activity Room"),
    )

    school = models.ForeignKey(
        School,
        on_delete=models.CASCADE
    )

    name = models.CharField(max_length=100)

    short_name = models.CharField(
        max_length=30,
        blank=True
    )

    room_type = models.CharField(
        max_length=30,
        choices=ROOM_TYPE_CHOICES,
        default="CLASSROOM"
    )

    capacity = models.PositiveIntegerField(default=0)

    is_active = models.BooleanField(default=True)

    def __str__(self):
        return self.name


# App Name: Schools

from django.db import models


class School(models.Model):

    name = models.CharField(max_length=255)
    short_name = models.CharField(max_length=100, blank=True)

    logo = models.ImageField(
        upload_to="school_logos/",
        null=True,
        blank=True
    )

    address = models.TextField(blank=True)

    contact_number = models.CharField(
        max_length=20,
        blank=True
    )

    email = models.EmailField(blank=True)

    principal_name = models.CharField(
        max_length=255,
        blank=True
    )

    school_code = models.CharField(
        max_length=100,
        blank=True
    )

    is_active = models.BooleanField(default=True)

    created_at = models.DateTimeField(auto_now_add=True)

    def __str__(self):
        return self.name


# App Name: Subjects

from django.db import models
from Schools.models import School
from Teachers.models import Teacher
from Classes.models import ClassLevel


class Subject(models.Model):

    SECTION_CHOICES = (
        ("Pre-Primary", "Pre-Primary"),
        ("PRIMARY", "Primary"),
        ("SECONDARY", "Secondary"),
        ("Senior-Secondary", " Senior-Secondary"),
        ("BOTH", "Both"),
    )

    SUBJECT_TYPE_CHOICES = (
        ("THEORY", "Theory"),
        ("PRACTICAL", "Practical"),
        ("ACTIVITY", "Activity"),
    )

    school = models.ForeignKey(
        School,
        on_delete=models.CASCADE
    )

    name = models.CharField(max_length=100)

    short_name = models.CharField(
        max_length=30,
        blank=True
    )

    code = models.CharField(
        max_length=50,
        blank=True
    )

    section_type = models.CharField(
        max_length=20,
        choices=SECTION_CHOICES,
        default="BOTH"
    )

    subject_type = models.CharField(
        max_length=20,
        choices=SUBJECT_TYPE_CHOICES,
        default="THEORY"
    )

    color_code = models.CharField(
        max_length=20,
        default="#0d6efd"
    )

    is_active = models.BooleanField(default=True)

    def __str__(self):
        return self.name


class TeacherSubjectCapability(models.Model):

    PRIORITY_CHOICES = (
        ("PRIMARY", "Primary"),
        ("SECONDARY", "Secondary"),
        ("BACKUP", "Backup"),
    )

    school = models.ForeignKey(
        School,
        on_delete=models.CASCADE
    )

    teacher = models.ForeignKey(
        Teacher,
        on_delete=models.CASCADE
    )

    subject = models.ForeignKey(
        Subject,
        on_delete=models.CASCADE
    )

    class_levels = models.ManyToManyField(
        ClassLevel,
        blank=True
    )

    priority = models.CharField(
        max_length=20,
        choices=PRIORITY_CHOICES,
        default="PRIMARY"
    )

    def __str__(self):
        return f"{self.teacher} - {self.subject}"


# App Name: Subscriptions

from django.db import models
from Schools.models import School


class SubscriptionPlan(models.Model):

    name = models.CharField(max_length=100)

    price = models.DecimalField(
        max_digits=10,
        decimal_places=2,
        default=0
    )

    max_teachers = models.PositiveIntegerField(default=0)
    max_classes = models.PositiveIntegerField(default=0)
    max_timetables = models.PositiveIntegerField(default=0)

    allow_pdf_export = models.BooleanField(default=True)
    allow_excel_export = models.BooleanField(default=True)

    is_active = models.BooleanField(default=True)

    def __str__(self):
        return self.name


class SchoolSubscription(models.Model):

    school = models.ForeignKey(
        School,
        on_delete=models.CASCADE
    )

    plan = models.ForeignKey(
        SubscriptionPlan,
        on_delete=models.SET_NULL,
        null=True
    )

    start_date = models.DateField()
    end_date = models.DateField()

    is_active = models.BooleanField(default=True)

    def __str__(self):
        return f"{self.school} - {self.plan}"


# App Name: Teachers

from django.db import models
from Schools.models import School
from Academic.models import Day, Period


class Teacher(models.Model):

    TEACHER_TYPE_CHOICES = (
        ("FULL_TIME", "Full Time"),
        ("PART_TIME", "Part Time"),
    )

    school = models.ForeignKey(
        School,
        on_delete=models.CASCADE
    )

    name = models.CharField(max_length=255)

    short_name = models.CharField(
        max_length=50,
        blank=True
    )

    employee_id = models.CharField(
        max_length=100,
        blank=True
    )

    mobile_number = models.CharField(
        max_length=20,
        blank=True
    )

    email = models.EmailField(blank=True)

    teacher_type = models.CharField(
        max_length=20,
        choices=TEACHER_TYPE_CHOICES,
        default="FULL_TIME"
    )

    department = models.CharField(
        max_length=100,
        blank=True
    )

    max_periods_per_day = models.PositiveIntegerField(default=6)
    max_periods_per_week = models.PositiveIntegerField(default=30)

    is_active = models.BooleanField(default=True)

    def __str__(self):
        return self.name


class TeacherAvailability(models.Model):

    teacher = models.ForeignKey(
        Teacher,
        on_delete=models.CASCADE
    )

    day = models.ForeignKey(
        Day,
        on_delete=models.CASCADE
    )

    period = models.ForeignKey(
        Period,
        on_delete=models.CASCADE
    )

    is_available = models.BooleanField(default=True)

    note = models.CharField(
        max_length=255,
        blank=True
    )

    def __str__(self):
        return f"{self.teacher} - {self.day}"


# App Name: Timetables

from django.db import models

from Schools.models import School
from Academic.models import AcademicYear, Day, Period, BellSchedule
from Classes.models import ClassLevel, Division
from Teachers.models import Teacher
from Subjects.models import Subject
from Rooms.models import Room


class ClassSection(models.Model):

    school = models.ForeignKey(
        School,
        on_delete=models.CASCADE
    )

    class_level = models.ForeignKey(
        ClassLevel,
        on_delete=models.CASCADE
    )

    division = models.ForeignKey(
        Division,
        on_delete=models.CASCADE
    )

    class_teacher = models.ForeignKey(
        Teacher,
        on_delete=models.SET_NULL,
        null=True,
        blank=True,
        related_name="class_teacher_sections"
    )

    default_room = models.ForeignKey(
        Room,
        on_delete=models.SET_NULL,
        null=True,
        blank=True
    )

    capacity = models.PositiveIntegerField(default=0)

    is_active = models.BooleanField(default=True)

    def __str__(self):
        return f"{self.class_level} {self.division}"


class LessonAllocation(models.Model):

    school = models.ForeignKey(
        School,
        on_delete=models.CASCADE
    )

    academic_year = models.ForeignKey(
        AcademicYear,
        on_delete=models.CASCADE
    )

    class_section = models.ForeignKey(
        ClassSection,
        on_delete=models.CASCADE
    )

    subject = models.ForeignKey(
        Subject,
        on_delete=models.CASCADE
    )

    teacher = models.ForeignKey(
        Teacher,
        on_delete=models.CASCADE
    )

    default_room = models.ForeignKey(
        Room,
        on_delete=models.SET_NULL,
        null=True,
        blank=True
    )

    weekly_periods = models.PositiveIntegerField(default=1)

    requires_double_period = models.BooleanField(default=False)

    is_active = models.BooleanField(default=True)

    def __str__(self):
        return f"{self.class_section} - {self.subject}"


class Timetable(models.Model):

    TIMETABLE_TYPE_CHOICES = (
        ("PRE-PRIMARY", "Pre-Primary"),
        ("PRIMARY", "Primary"),
        ("SECONDARY", "Secondary"),
        ("SENIOR-SECONDARY", "Senior-Secondary"),
    )

    school = models.ForeignKey(
        "Schools.School",
        on_delete=models.CASCADE
    )

    academic_year = models.ForeignKey(
        "Academic.AcademicYear",
        on_delete=models.CASCADE
    )

    name = models.CharField(max_length=255)

    timetable_type = models.CharField(
        max_length=20,
        choices=TIMETABLE_TYPE_CHOICES
    )

    is_active = models.BooleanField(default=True)

    created_at = models.DateTimeField(auto_now_add=True)

    def __str__(self):
        return self.name


class TimetableVersion(models.Model):

    timetable = models.ForeignKey(
        Timetable,
        on_delete=models.CASCADE,
        related_name="versions"
    )

    name = models.CharField(max_length=100)

    version_number = models.PositiveIntegerField(default=1)

    is_active = models.BooleanField(default=False)

    notes = models.TextField(blank=True)

    created_at = models.DateTimeField(auto_now_add=True)

    def __str__(self):
        return f"{self.timetable} - v{self.version_number}"


class TimetableSlot(models.Model):

    school = models.ForeignKey(
        School,
        on_delete=models.CASCADE
    )

    timetable = models.ForeignKey(
        Timetable,
        on_delete=models.CASCADE
    )

    version = models.ForeignKey(
        TimetableVersion,
        on_delete=models.CASCADE
    )

    class_section = models.ForeignKey(
        ClassSection,
        on_delete=models.CASCADE
    )

    lesson_allocation = models.ForeignKey(
        LessonAllocation,
        on_delete=models.SET_NULL,
        null=True,
        blank=True
    )

    subject = models.ForeignKey(
        Subject,
        on_delete=models.SET_NULL,
        null=True,
        blank=True
    )

    teacher = models.ForeignKey(
        Teacher,
        on_delete=models.SET_NULL,
        null=True,
        blank=True
    )

    room = models.ForeignKey(
        Room,
        on_delete=models.SET_NULL,
        null=True,
        blank=True
    )

    day = models.ForeignKey(
        Day,
        on_delete=models.CASCADE
    )

    period = models.ForeignKey(
        Period,
        on_delete=models.CASCADE
    )

    is_locked = models.BooleanField(default=False)

    notes = models.TextField(blank=True)

    created_at = models.DateTimeField(auto_now_add=True)

    def __str__(self):
        return f"{self.class_section} - {self.day} - {self.period}"


class TimetableEntry(models.Model):
    timetable = models.ForeignKey(
        Timetable,
        on_delete=models.CASCADE,
        related_name="entries"
    )

    class_section = models.ForeignKey(
        ClassSection,
        on_delete=models.CASCADE
    )

    day_id_value = models.CharField(max_length=50)
    day_name = models.CharField(max_length=50)

    period_id_value = models.CharField(max_length=50)
    period_name = models.CharField(max_length=100)

    subject = models.ForeignKey(
        "Subjects.Subject",
        on_delete=models.SET_NULL,
        null=True,
        blank=True
    )

    teacher = models.ForeignKey(
        "Teachers.Teacher",
        on_delete=models.SET_NULL,
        null=True,
        blank=True
    )

    room = models.ForeignKey(
        "Rooms.Room",
        on_delete=models.SET_NULL,
        null=True,
        blank=True
    )

    is_locked = models.BooleanField(default=False)

    created_at = models.DateTimeField(auto_now_add=True)
    updated_at = models.DateTimeField(auto_now=True)

    class Meta:
        unique_together = (
            "timetable",
            "class_section",
            "day_id_value",
            "period_id_value",
        )

    def __str__(self):
        return f"{self.timetable} - {self.class_section} - {self.day_name} {self.period_name}"


class TeacherDailyStatus(models.Model):

    STATUS_TYPE_CHOICES = (
        ("LEAVE", "On Leave"),
        ("IN_SCHOOL_UNAVAILABLE", "In School But Unavailable"),
    )

    school = models.ForeignKey(
        School,
        on_delete=models.CASCADE
    )

    teacher = models.ForeignKey(
        Teacher,
        on_delete=models.CASCADE,
        related_name="daily_statuses"
    )

    date = models.DateField()

    status_type = models.CharField(
        max_length=30,
        choices=STATUS_TYPE_CHOICES,
        default="LEAVE"
    )

    full_day = models.BooleanField(default=True)

    unavailable_periods = models.ManyToManyField(
        Period,
        blank=True,
        related_name="teacher_daily_statuses"
    )

    reason = models.CharField(
        max_length=255,
        blank=True
    )

    notes = models.TextField(blank=True)

    created_at = models.DateTimeField(auto_now_add=True)
    updated_at = models.DateTimeField(auto_now=True)

    class Meta:
        unique_together = ("teacher", "date")
        ordering = ("-date", "teacher__name")

    def __str__(self):
        return f"{self.teacher} - {self.date} - {self.get_status_type_display()}"

    def covers_period(self, period_id):
        if self.full_day:
            return True

        return self.unavailable_periods.filter(id=period_id).exists()


class LectureAdjustment(models.Model):

    STATUS_CHOICES = (
        ("PENDING", "Pending"),
        ("ASSIGNED", "Assigned"),
        ("CANCELLED", "Cancelled"),
    )

    date = models.DateField()

    timetable = models.ForeignKey(
        Timetable,
        on_delete=models.CASCADE,
        related_name="lecture_adjustments"
    )

    original_entry = models.ForeignKey(
        TimetableEntry,
        on_delete=models.CASCADE,
        related_name="daily_adjustments"
    )

    teacher_status = models.ForeignKey(
        TeacherDailyStatus,
        on_delete=models.SET_NULL,
        null=True,
        blank=True,
        related_name="lecture_adjustments"
    )

    original_teacher = models.ForeignKey(
        Teacher,
        on_delete=models.SET_NULL,
        null=True,
        blank=True,
        related_name="original_daily_adjustments"
    )

    proxy_teacher = models.ForeignKey(
        Teacher,
        on_delete=models.SET_NULL,
        null=True,
        blank=True,
        related_name="proxy_daily_adjustments"
    )

    class_section = models.ForeignKey(
        ClassSection,
        on_delete=models.SET_NULL,
        null=True,
        blank=True
    )

    subject = models.ForeignKey(
        Subject,
        on_delete=models.SET_NULL,
        null=True,
        blank=True
    )

    room = models.ForeignKey(
        Room,
        on_delete=models.SET_NULL,
        null=True,
        blank=True
    )

    day_id_value = models.CharField(max_length=50)
    day_name = models.CharField(max_length=50)
    period_id_value = models.CharField(max_length=50)
    period_name = models.CharField(max_length=100)

    status = models.CharField(
        max_length=20,
        choices=STATUS_CHOICES,
        default="PENDING"
    )

    reason = models.CharField(
        max_length=255,
        blank=True
    )

    admin_note = models.TextField(blank=True)

    is_locked = models.BooleanField(default=False)

    created_at = models.DateTimeField(auto_now_add=True)
    updated_at = models.DateTimeField(auto_now=True)

    class Meta:
        unique_together = ("date", "original_entry")
        ordering = ("date", "day_name", "period_id_value", "class_section__class_level__sort_order")

    def __str__(self):
        return f"{self.date} - {self.original_entry} - {self.status}"
